running develop
Removing /home/orinnano/drone_ws/install/drone_control/lib/python3.10/site-packages/drone-control.egg-link (link to .)
running egg_info
writing ../../build/drone_control/drone_control.egg-info/PKG-INFO
writing dependency_links to ../../build/drone_control/drone_control.egg-info/dependency_links.txt
writing entry points to ../../build/drone_control/drone_control.egg-info/entry_points.txt
writing requirements to ../../build/drone_control/drone_control.egg-info/requires.txt
writing top-level names to ../../build/drone_control/drone_control.egg-info/top_level.txt
reading manifest file '../../build/drone_control/drone_control.egg-info/SOURCES.txt'
writing manifest file '../../build/drone_control/drone_control.egg-info/SOURCES.txt'
running build
running build_py
copying drone_control/image_loop_logger.py -> /home/orinnano/drone_ws/build/drone_control/build/lib/drone_control
running install
running install_lib
creating /home/orinnano/drone_ws/install/drone_control/lib/python3.10/site-packages/drone_control
copying /home/orinnano/drone_ws/build/drone_control/build/lib/drone_control/landing_manager.py -> /home/orinnano/drone_ws/install/drone_control/lib/python3.10/site-packages/drone_control
copying /home/orinnano/drone_ws/build/drone_control/build/lib/drone_control/takeoff_node.py -> /home/orinnano/drone_ws/install/drone_control/lib/python3.10/site-packages/drone_control
copying /home/orinnano/drone_ws/build/drone_control/build/lib/drone_control/flight_manager.py -> /home/orinnano/drone_ws/install/drone_control/lib/python3.10/site-packages/drone_control
copying /home/orinnano/drone_ws/build/drone_control/build/lib/drone_control/lawnmower.py -> /home/orinnano/drone_ws/install/drone_control/lib/python3.10/site-packages/drone_control
copying /home/orinnano/drone_ws/build/drone_control/build/lib/drone_control/__init__.py -> /home/orinnano/drone_ws/install/drone_control/lib/python3.10/site-packages/drone_control
copying /home/orinnano/drone_ws/build/drone_control/build/lib/drone_control/landing_node.py -> /home/orinnano/drone_ws/install/drone_control/lib/python3.10/site-packages/drone_control
copying /home/orinnano/drone_ws/build/drone_control/build/lib/drone_control/navigation_manager.py -> /home/orinnano/drone_ws/install/drone_control/lib/python3.10/site-packages/drone_control
copying /home/orinnano/drone_ws/build/drone_control/build/lib/drone_control/image_loop_logger.py -> /home/orinnano/drone_ws/install/drone_control/lib/python3.10/site-packages/drone_control
byte-compiling /home/orinnano/drone_ws/install/drone_control/lib/python3.10/site-packages/drone_control/landing_manager.py to landing_manager.cpython-310.pyc
byte-compiling /home/orinnano/drone_ws/install/drone_control/lib/python3.10/site-packages/drone_control/takeoff_node.py to takeoff_node.cpython-310.pyc
byte-compiling /home/orinnano/drone_ws/install/drone_control/lib/python3.10/site-packages/drone_control/flight_manager.py to flight_manager.cpython-310.pyc
byte-compiling /home/orinnano/drone_ws/install/drone_control/lib/python3.10/site-packages/drone_control/lawnmower.py to lawnmower.cpython-310.pyc
byte-compiling /home/orinnano/drone_ws/install/drone_control/lib/python3.10/site-packages/drone_control/__init__.py to __init__.cpython-310.pyc
byte-compiling /home/orinnano/drone_ws/install/drone_control/lib/python3.10/site-packages/drone_control/landing_node.py to landing_node.cpython-310.pyc
byte-compiling /home/orinnano/drone_ws/install/drone_control/lib/python3.10/site-packages/drone_control/navigation_manager.py to navigation_manager.cpython-310.pyc
byte-compiling /home/orinnano/drone_ws/install/drone_control/lib/python3.10/site-packages/drone_control/image_loop_logger.py to image_loop_logger.cpython-310.pyc
running install_data
copying resource/drone_control -> /home/orinnano/drone_ws/install/drone_control/share/ament_index/resource_index/packages
copying package.xml -> /home/orinnano/drone_ws/install/drone_control/share/drone_control
running install_egg_info
Copying ../../build/drone_control/drone_control.egg-info to /home/orinnano/drone_ws/install/drone_control/lib/python3.10/site-packages/drone_control-0.0.0-py3.10.egg-info
running install_scripts
Installing flight_manager script to /home/orinnano/drone_ws/install/drone_control/lib/drone_control
Installing image_loop_logger script to /home/orinnano/drone_ws/install/drone_control/lib/drone_control
Installing landing_manager script to /home/orinnano/drone_ws/install/drone_control/lib/drone_control
Installing landing_node script to /home/orinnano/drone_ws/install/drone_control/lib/drone_control
Installing lawnmower script to /home/orinnano/drone_ws/install/drone_control/lib/drone_control
Installing navigation_manager script to /home/orinnano/drone_ws/install/drone_control/lib/drone_control
Installing takeoff_node script to /home/orinnano/drone_ws/install/drone_control/lib/drone_control
writing list of installed files to '/home/orinnano/drone_ws/build/drone_control/install.log'
