[1.471s] Invoking command in '/home/orinnano/drone_ws/src/drone_control': PYTHONPATH=/home/orinnano/drone_ws/build/drone_control/prefix_override:/usr/lib/python3/dist-packages/colcon_core/task/python/colcon_distutils_commands:/home/orinnano/drone_ws/install/drone_control/lib/python3.10/site-packages:${PYTHONPATH} /usr/bin/python3 -W ignore:setup.py install is deprecated -W ignore:easy_install command is deprecated setup.py egg_info --egg-base ../../build/drone_control build --build-base /home/orinnano/drone_ws/build/drone_control/build install --record /home/orinnano/drone_ws/build/drone_control/install.log --single-version-externally-managed install_data
[2.030s] running egg_info
[2.031s] writing ../../build/drone_control/drone_control.egg-info/PKG-INFO
[2.033s] writing dependency_links to ../../build/drone_control/drone_control.egg-info/dependency_links.txt
[2.033s] writing entry points to ../../build/drone_control/drone_control.egg-info/entry_points.txt
[2.034s] writing requirements to ../../build/drone_control/drone_control.egg-info/requires.txt
[2.034s] writing top-level names to ../../build/drone_control/drone_control.egg-info/top_level.txt
[2.041s] reading manifest file '../../build/drone_control/drone_control.egg-info/SOURCES.txt'
[2.044s] writing manifest file '../../build/drone_control/drone_control.egg-info/SOURCES.txt'
[2.044s] running build
[2.044s] running build_py
[2.046s] running install
[2.047s] running install_lib
[2.051s] running install_data
[2.052s] running install_egg_info
[2.056s] removing '/home/orinnano/drone_ws/install/drone_control/lib/python3.10/site-packages/drone_control-0.0.0-py3.10.egg-info' (and everything under it)
[2.057s] Copying ../../build/drone_control/drone_control.egg-info to /home/orinnano/drone_ws/install/drone_control/lib/python3.10/site-packages/drone_control-0.0.0-py3.10.egg-info
[2.059s] running install_scripts
[2.105s] Installing flight_manager script to /home/orinnano/drone_ws/install/drone_control/lib/drone_control
[2.105s] Installing image_loop_logger script to /home/orinnano/drone_ws/install/drone_control/lib/drone_control
[2.105s] Installing landing_manager script to /home/orinnano/drone_ws/install/drone_control/lib/drone_control
[2.106s] Installing landing_node script to /home/orinnano/drone_ws/install/drone_control/lib/drone_control
[2.106s] Installing lawnmower script to /home/orinnano/drone_ws/install/drone_control/lib/drone_control
[2.106s] Installing navigation_manager script to /home/orinnano/drone_ws/install/drone_control/lib/drone_control
[2.106s] Installing takeoff_node script to /home/orinnano/drone_ws/install/drone_control/lib/drone_control
[2.107s] writing list of installed files to '/home/orinnano/drone_ws/build/drone_control/install.log'
[2.182s] Invoked command in '/home/orinnano/drone_ws/src/drone_control' returned '0': PYTHONPATH=/home/orinnano/drone_ws/build/drone_control/prefix_override:/usr/lib/python3/dist-packages/colcon_core/task/python/colcon_distutils_commands:/home/orinnano/drone_ws/install/drone_control/lib/python3.10/site-packages:${PYTHONPATH} /usr/bin/python3 -W ignore:setup.py install is deprecated -W ignore:easy_install command is deprecated setup.py egg_info --egg-base ../../build/drone_control build --build-base /home/orinnano/drone_ws/build/drone_control/build install --record /home/orinnano/drone_ws/build/drone_control/install.log --single-version-externally-managed install_data
