[1.492s] Invoking command in '/home/orinnano/drone_ws/src/drone_control': PYTHONPATH=/home/orinnano/drone_ws/build/drone_control/prefix_override:/usr/lib/python3/dist-packages/colcon_core/task/python/colcon_distutils_commands:/home/orinnano/drone_ws/install/drone_control/lib/python3.10/site-packages:${PYTHONPATH} /usr/bin/python3 -W ignore:setup.py install is deprecated -W ignore:easy_install command is deprecated setup.py egg_info --egg-base ../../build/drone_control build --build-base /home/orinnano/drone_ws/build/drone_control/build install --record /home/orinnano/drone_ws/build/drone_control/install.log --single-version-externally-managed install_data
[2.076s] running egg_info
[2.077s] writing ../../build/drone_control/drone_control.egg-info/PKG-INFO
[2.078s] writing dependency_links to ../../build/drone_control/drone_control.egg-info/dependency_links.txt
[2.079s] writing entry points to ../../build/drone_control/drone_control.egg-info/entry_points.txt
[2.079s] writing requirements to ../../build/drone_control/drone_control.egg-info/requires.txt
[2.079s] writing top-level names to ../../build/drone_control/drone_control.egg-info/top_level.txt
[2.086s] reading manifest file '../../build/drone_control/drone_control.egg-info/SOURCES.txt'
[2.089s] writing manifest file '../../build/drone_control/drone_control.egg-info/SOURCES.txt'
[2.089s] running build
[2.089s] running build_py
[2.090s] copying drone_control/navigation_manager.py -> /home/orinnano/drone_ws/build/drone_control/build/lib/drone_control
[2.091s] running install
[2.092s] running install_lib
[2.094s] copying /home/orinnano/drone_ws/build/drone_control/build/lib/drone_control/navigation_manager.py -> /home/orinnano/drone_ws/install/drone_control/lib/python3.10/site-packages/drone_control
[2.096s] byte-compiling /home/orinnano/drone_ws/install/drone_control/lib/python3.10/site-packages/drone_control/navigation_manager.py to navigation_manager.cpython-310.pyc
[2.102s] running install_data
[2.103s] running install_egg_info
[2.107s] removing '/home/orinnano/drone_ws/install/drone_control/lib/python3.10/site-packages/drone_control-0.0.0-py3.10.egg-info' (and everything under it)
[2.107s] Copying ../../build/drone_control/drone_control.egg-info to /home/orinnano/drone_ws/install/drone_control/lib/python3.10/site-packages/drone_control-0.0.0-py3.10.egg-info
[2.110s] running install_scripts
[2.155s] Installing flight_manager script to /home/orinnano/drone_ws/install/drone_control/lib/drone_control
[2.156s] Installing image_loop_logger script to /home/orinnano/drone_ws/install/drone_control/lib/drone_control
[2.156s] Installing landing_manager script to /home/orinnano/drone_ws/install/drone_control/lib/drone_control
[2.156s] Installing landing_node script to /home/orinnano/drone_ws/install/drone_control/lib/drone_control
[2.156s] Installing lawnmower script to /home/orinnano/drone_ws/install/drone_control/lib/drone_control
[2.157s] Installing navigation_manager script to /home/orinnano/drone_ws/install/drone_control/lib/drone_control
[2.157s] Installing takeoff_node script to /home/orinnano/drone_ws/install/drone_control/lib/drone_control
[2.158s] writing list of installed files to '/home/orinnano/drone_ws/build/drone_control/install.log'
[2.237s] Invoked command in '/home/orinnano/drone_ws/src/drone_control' returned '0': PYTHONPATH=/home/orinnano/drone_ws/build/drone_control/prefix_override:/usr/lib/python3/dist-packages/colcon_core/task/python/colcon_distutils_commands:/home/orinnano/drone_ws/install/drone_control/lib/python3.10/site-packages:${PYTHONPATH} /usr/bin/python3 -W ignore:setup.py install is deprecated -W ignore:easy_install command is deprecated setup.py egg_info --egg-base ../../build/drone_control build --build-base /home/orinnano/drone_ws/build/drone_control/build install --record /home/orinnano/drone_ws/build/drone_control/install.log --single-version-externally-managed install_data
