[1.369s] Invoking command in '/home/orinnano/drone_ws/src/drone_control': PYTHONPATH=/home/orinnano/drone_ws/build/drone_control/prefix_override:/usr/lib/python3/dist-packages/colcon_core/task/python/colcon_distutils_commands:/home/orinnano/drone_ws/install/drone_control/lib/python3.10/site-packages:${PYTHONPATH} /usr/bin/python3 -W ignore:setup.py install is deprecated -W ignore:easy_install command is deprecated setup.py egg_info --egg-base ../../build/drone_control build --build-base /home/orinnano/drone_ws/build/drone_control/build install --record /home/orinnano/drone_ws/build/drone_control/install.log --single-version-externally-managed install_data
[1.914s] running egg_info
[1.916s] writing ../../build/drone_control/drone_control.egg-info/PKG-INFO
[1.916s] writing dependency_links to ../../build/drone_control/drone_control.egg-info/dependency_links.txt
[1.917s] writing entry points to ../../build/drone_control/drone_control.egg-info/entry_points.txt
[1.917s] writing requirements to ../../build/drone_control/drone_control.egg-info/requires.txt
[1.917s] writing top-level names to ../../build/drone_control/drone_control.egg-info/top_level.txt
[1.921s] reading manifest file '../../build/drone_control/drone_control.egg-info/SOURCES.txt'
[1.925s] writing manifest file '../../build/drone_control/drone_control.egg-info/SOURCES.txt'
[1.926s] running build
[1.926s] running build_py
[1.926s] copying drone_control/lawnmower.py -> /home/orinnano/drone_ws/build/drone_control/build/lib/drone_control
[1.927s] running install
[1.928s] running install_lib
[1.930s] copying /home/orinnano/drone_ws/build/drone_control/build/lib/drone_control/lawnmower.py -> /home/orinnano/drone_ws/install/drone_control/lib/python3.10/site-packages/drone_control
[1.932s] byte-compiling /home/orinnano/drone_ws/install/drone_control/lib/python3.10/site-packages/drone_control/lawnmower.py to lawnmower.cpython-310.pyc
[1.936s] running install_data
[1.937s] running install_egg_info
[1.941s] removing '/home/orinnano/drone_ws/install/drone_control/lib/python3.10/site-packages/drone_control-0.0.0-py3.10.egg-info' (and everything under it)
[1.942s] Copying ../../build/drone_control/drone_control.egg-info to /home/orinnano/drone_ws/install/drone_control/lib/python3.10/site-packages/drone_control-0.0.0-py3.10.egg-info
[1.944s] running install_scripts
[1.987s] Installing flight_manager script to /home/orinnano/drone_ws/install/drone_control/lib/drone_control
[1.987s] Installing landing_manager script to /home/orinnano/drone_ws/install/drone_control/lib/drone_control
[1.987s] Installing landing_node script to /home/orinnano/drone_ws/install/drone_control/lib/drone_control
[1.988s] Installing lawnmower script to /home/orinnano/drone_ws/install/drone_control/lib/drone_control
[1.988s] Installing navigation_manager script to /home/orinnano/drone_ws/install/drone_control/lib/drone_control
[1.988s] Installing takeoff_node script to /home/orinnano/drone_ws/install/drone_control/lib/drone_control
[1.989s] writing list of installed files to '/home/orinnano/drone_ws/build/drone_control/install.log'
[2.059s] Invoked command in '/home/orinnano/drone_ws/src/drone_control' returned '0': PYTHONPATH=/home/orinnano/drone_ws/build/drone_control/prefix_override:/usr/lib/python3/dist-packages/colcon_core/task/python/colcon_distutils_commands:/home/orinnano/drone_ws/install/drone_control/lib/python3.10/site-packages:${PYTHONPATH} /usr/bin/python3 -W ignore:setup.py install is deprecated -W ignore:easy_install command is deprecated setup.py egg_info --egg-base ../../build/drone_control build --build-base /home/orinnano/drone_ws/build/drone_control/build install --record /home/orinnano/drone_ws/build/drone_control/install.log --single-version-externally-managed install_data
