/home/orinnano/drone_ws/install/drone_control/lib/python3.10/site-packages/drone_control/landing_manager.py
/home/orinnano/drone_ws/install/drone_control/lib/python3.10/site-packages/drone_control/flight_ctrl.py
/home/orinnano/drone_ws/install/drone_control/lib/python3.10/site-packages/drone_control/takeoff_node.py
/home/orinnano/drone_ws/install/drone_control/lib/python3.10/site-packages/drone_control/flight_manager.py
/home/orinnano/drone_ws/install/drone_control/lib/python3.10/site-packages/drone_control/lawnmower.py
/home/orinnano/drone_ws/install/drone_control/lib/python3.10/site-packages/drone_control/__init__.py
/home/orinnano/drone_ws/install/drone_control/lib/python3.10/site-packages/drone_control/tag_detect.py
/home/orinnano/drone_ws/install/drone_control/lib/python3.10/site-packages/drone_control/landing_node.py
/home/orinnano/drone_ws/install/drone_control/lib/python3.10/site-packages/drone_control/navigation_manager.py
/home/orinnano/drone_ws/install/drone_control/lib/python3.10/site-packages/drone_control/image_loop_logger.py
/home/orinnano/drone_ws/install/drone_control/lib/python3.10/site-packages/drone_control/__pycache__/landing_manager.cpython-310.pyc
/home/orinnano/drone_ws/install/drone_control/lib/python3.10/site-packages/drone_control/__pycache__/flight_ctrl.cpython-310.pyc
/home/orinnano/drone_ws/install/drone_control/lib/python3.10/site-packages/drone_control/__pycache__/takeoff_node.cpython-310.pyc
/home/orinnano/drone_ws/install/drone_control/lib/python3.10/site-packages/drone_control/__pycache__/flight_manager.cpython-310.pyc
/home/orinnano/drone_ws/install/drone_control/lib/python3.10/site-packages/drone_control/__pycache__/lawnmower.cpython-310.pyc
/home/orinnano/drone_ws/install/drone_control/lib/python3.10/site-packages/drone_control/__pycache__/__init__.cpython-310.pyc
/home/orinnano/drone_ws/install/drone_control/lib/python3.10/site-packages/drone_control/__pycache__/tag_detect.cpython-310.pyc
/home/orinnano/drone_ws/install/drone_control/lib/python3.10/site-packages/drone_control/__pycache__/landing_node.cpython-310.pyc
/home/orinnano/drone_ws/install/drone_control/lib/python3.10/site-packages/drone_control/__pycache__/navigation_manager.cpython-310.pyc
/home/orinnano/drone_ws/install/drone_control/lib/python3.10/site-packages/drone_control/__pycache__/image_loop_logger.cpython-310.pyc
/home/orinnano/drone_ws/install/drone_control/share/ament_index/resource_index/packages/drone_control
/home/orinnano/drone_ws/install/drone_control/share/drone_control/package.xml
/home/orinnano/drone_ws/install/drone_control/lib/python3.10/site-packages/drone_control-0.0.0-py3.10.egg-info/dependency_links.txt
/home/orinnano/drone_ws/install/drone_control/lib/python3.10/site-packages/drone_control-0.0.0-py3.10.egg-info/zip-safe
/home/orinnano/drone_ws/install/drone_control/lib/python3.10/site-packages/drone_control-0.0.0-py3.10.egg-info/top_level.txt
/home/orinnano/drone_ws/install/drone_control/lib/python3.10/site-packages/drone_control-0.0.0-py3.10.egg-info/requires.txt
/home/orinnano/drone_ws/install/drone_control/lib/python3.10/site-packages/drone_control-0.0.0-py3.10.egg-info/SOURCES.txt
/home/orinnano/drone_ws/install/drone_control/lib/python3.10/site-packages/drone_control-0.0.0-py3.10.egg-info/entry_points.txt
/home/orinnano/drone_ws/install/drone_control/lib/python3.10/site-packages/drone_control-0.0.0-py3.10.egg-info/PKG-INFO
/home/orinnano/drone_ws/install/drone_control/lib/drone_control/flight_ctrl
/home/orinnano/drone_ws/install/drone_control/lib/drone_control/flight_manager
/home/orinnano/drone_ws/install/drone_control/lib/drone_control/image_loop_logger
/home/orinnano/drone_ws/install/drone_control/lib/drone_control/landing_manager
/home/orinnano/drone_ws/install/drone_control/lib/drone_control/landing_node
/home/orinnano/drone_ws/install/drone_control/lib/drone_control/lawnmower
/home/orinnano/drone_ws/install/drone_control/lib/drone_control/navigation_manager
/home/orinnano/drone_ws/install/drone_control/lib/drone_control/tag_detect
/home/orinnano/drone_ws/install/drone_control/lib/drone_control/takeoff_node
