[1.401s] Invoking command in '/home/orinnano/drone_ws/src/drone_control/build/drone_control': PYTHONPATH=/home/orinnano/drone_ws/src/drone_control/build/drone_control/prefix_override:/usr/lib/python3/dist-packages/colcon_core/task/python/colcon_distutils_commands:/home/orinnano/drone_ws/src/drone_control/install/drone_control/lib/python3.10/site-packages:${PYTHONPATH} /usr/bin/python3 -W ignore:setup.py install is deprecated -W ignore:easy_install command is deprecated setup.py develop --editable --build-directory /home/orinnano/drone_ws/src/drone_control/build/drone_control/build --no-deps symlink_data
[1.982s] running develop
[2.351s] running egg_info
[2.351s] creating drone_control.egg-info
[2.351s] writing drone_control.egg-info/PKG-INFO
[2.352s] writing dependency_links to drone_control.egg-info/dependency_links.txt
[2.352s] writing entry points to drone_control.egg-info/entry_points.txt
[2.352s] writing requirements to drone_control.egg-info/requires.txt
[2.353s] writing top-level names to drone_control.egg-info/top_level.txt
[2.353s] writing manifest file 'drone_control.egg-info/SOURCES.txt'
[2.357s] reading manifest file 'drone_control.egg-info/SOURCES.txt'
[2.358s] writing manifest file 'drone_control.egg-info/SOURCES.txt'
[2.361s] running build_ext
[2.362s] Creating /home/orinnano/drone_ws/src/drone_control/install/drone_control/lib/python3.10/site-packages/drone-control.egg-link (link to .)
[2.364s] Installing flight_manager script to /home/orinnano/drone_ws/src/drone_control/install/drone_control/lib/drone_control
[2.365s] Installing image_loop_logger script to /home/orinnano/drone_ws/src/drone_control/install/drone_control/lib/drone_control
[2.365s] Installing landing_manager script to /home/orinnano/drone_ws/src/drone_control/install/drone_control/lib/drone_control
[2.365s] Installing landing_node script to /home/orinnano/drone_ws/src/drone_control/install/drone_control/lib/drone_control
[2.365s] Installing lawnmower script to /home/orinnano/drone_ws/src/drone_control/install/drone_control/lib/drone_control
[2.366s] Installing navigation_manager script to /home/orinnano/drone_ws/src/drone_control/install/drone_control/lib/drone_control
[2.366s] Installing takeoff_node script to /home/orinnano/drone_ws/src/drone_control/install/drone_control/lib/drone_control
[2.366s] 
[2.366s] Installed /home/orinnano/drone_ws/src/drone_control/build/drone_control
[2.367s] running symlink_data
[2.367s] creating /home/orinnano/drone_ws/src/drone_control/install/drone_control/share/ament_index
[2.367s] creating /home/orinnano/drone_ws/src/drone_control/install/drone_control/share/ament_index/resource_index
[2.367s] creating /home/orinnano/drone_ws/src/drone_control/install/drone_control/share/ament_index/resource_index/packages
[2.367s] symbolically linking /home/orinnano/drone_ws/src/drone_control/build/drone_control/resource/drone_control -> /home/orinnano/drone_ws/src/drone_control/install/drone_control/share/ament_index/resource_index/packages
[2.367s] symbolically linking /home/orinnano/drone_ws/src/drone_control/build/drone_control/package.xml -> /home/orinnano/drone_ws/src/drone_control/install/drone_control/share/drone_control
[2.450s] Invoked command in '/home/orinnano/drone_ws/src/drone_control/build/drone_control' returned '0': PYTHONPATH=/home/orinnano/drone_ws/src/drone_control/build/drone_control/prefix_override:/usr/lib/python3/dist-packages/colcon_core/task/python/colcon_distutils_commands:/home/orinnano/drone_ws/src/drone_control/install/drone_control/lib/python3.10/site-packages:${PYTHONPATH} /usr/bin/python3 -W ignore:setup.py install is deprecated -W ignore:easy_install command is deprecated setup.py develop --editable --build-directory /home/orinnano/drone_ws/src/drone_control/build/drone_control/build --no-deps symlink_data
